// Jest Snapshot v1, https://goo.gl/fbAQLP

exports[`FavouriteListItem matches snapshot 1`] = `
<DocumentFragment>
  <div
    class="MuiPaper-root MuiPaper-elevation MuiPaper-rounded MuiPaper-elevation1 MuiCard-root flex items-center border border-gray-200 p-3 space-x-4  overflow-y-auto undefined css-13gi91s-MuiPaper-root-MuiCard-root"
  >
    <img
      alt="test-image"
      class="MuiCardMedia-root MuiCardMedia-media MuiCardMedia-img w-24 h-24 object-cover rounded css-o69gx8-MuiCardMedia-root"
      src="https://www.thecocktaildb.com/images/media/drink/20d63k1504885263.jpg"
    />
    <div
      class="flex flex-col items-center w-full space-y-1"
    >
      <div
        class="MuiTypography-root MuiTypography-h6 MuiTypography-gutterBottom css-2u1lx-MuiTypography-root"
      >
        test
      </div>
      <div
        class="flex items-center space-x-2"
      >
        <button
          class="MuiButtonBase-root MuiButton-root MuiButton-contained MuiButton-containedSuccess MuiButton-sizeMedium MuiButton-containedSizeMedium MuiButton-colorSuccess MuiButton-root MuiButton-contained MuiButton-containedSuccess MuiButton-sizeMedium MuiButton-containedSizeMedium MuiButton-colorSuccess css-1myamw5-MuiButtonBase-root-MuiButton-root"
          tabindex="0"
          type="button"
        >
          <span
            class="MuiButton-icon MuiButton-startIcon MuiButton-iconSizeMedium css-1d6wzja-MuiButton-startIcon"
          >
            <svg
              aria-hidden="true"
              class="MuiSvgIcon-root MuiSvgIcon-fontSizeMedium css-i4bv87-MuiSvgIcon-root"
              data-testid="AddIcon"
              focusable="false"
              viewBox="0 0 24 24"
            >
              <path
                d="M19 13h-6v6h-2v-6H5v-2h6V5h2v6h6z"
              />
            </svg>
          </span>
          <span
            class="MuiTouchRipple-root css-8je8zh-MuiTouchRipple-root"
          />
        </button>
        <div
          class="MuiTypography-root MuiTypography-body1 MuiTypography-gutterBottom css-6uwl0p-MuiTypography-root"
        >
          1
        </div>
        <button
          class="MuiButtonBase-root MuiButton-root MuiButton-contained MuiButton-containedError MuiButton-sizeMedium MuiButton-containedSizeMedium MuiButton-colorError MuiButton-root MuiButton-contained MuiButton-containedError MuiButton-sizeMedium MuiButton-containedSizeMedium MuiButton-colorError css-uaqvil-MuiButtonBase-root-MuiButton-root"
          tabindex="0"
          type="button"
        >
          <span
            class="MuiButton-icon MuiButton-startIcon MuiButton-iconSizeMedium css-1d6wzja-MuiButton-startIcon"
          >
            <svg
              aria-hidden="true"
              class="MuiSvgIcon-root MuiSvgIcon-fontSizeMedium css-i4bv87-MuiSvgIcon-root"
              data-testid="RemoveIcon"
              focusable="false"
              viewBox="0 0 24 24"
            >
              <path
                d="M19 13H5v-2h14z"
              />
            </svg>
          </span>
          <span
            class="MuiTouchRipple-root css-8je8zh-MuiTouchRipple-root"
          />
        </button>
      </div>
    </div>
  </div>
</DocumentFragment>
`;
